2025-01-15 12:16:02,152 - INFO - [97mНачинаем анализ...[0m
2025-01-15 12:16:02,152 - INFO - [97mНачинаем чтение чек-листа из Excel[0m
2025-01-15 12:16:02,264 - INFO - [97mУспешно обработано 201 ожидаемых событий[0m
2025-01-15 12:16:02,264 - INFO - [97mНачинаем чтение лог-файла[0m
2025-01-15 12:16:02,267 - INFO - [97mУспешно прочитано 254 фактических событий[0m
2025-01-15 12:16:02,281 - INFO - 
[92mHTML отчет сохранен в файл: /Users/pavlo/kwork/Vladen_k/script_logs/Events/comparisons/HTMLreport.html[0m
2025-01-15 12:16:02,281 - WARNING - 
[91m❌ Найдено несоответствий:[0m
2025-01-15 12:16:02,281 - WARNING -   - Отсутствующих событий: 151
2025-01-15 12:16:02,281 - WARNING -   - Количество шагов с несоответствием параметров: 17
2025-01-15 12:16:02,281 - WARNING -   - Неожиданных ивентов: 14
2025-01-15 12:16:02,281 - WARNING -   - Пропущенных ивентов: 7
2025-01-15 12:16:02,282 - WARNING - 
Шаг 9 - NotificationPermissionStatus
2025-01-15 12:16:02,282 - WARNING - Действие: Принять политику
 конфиденциальности
И Закрыть открывшееся
приложение фейсбука
И ЗАПРЕТИТЬ ПУШИ
2025-01-15 12:16:02,282 - WARNING - Тип: parameter_mismatch
2025-01-15 12:16:02,282 - WARNING - Временная метка: 2025-01-14 11:37:20
2025-01-15 12:16:02,282 - WARNING - Детали:
2025-01-15 12:16:02,282 - WARNING -   - Несоответствие параметра permissionAllowed: ожидалось 'False', получено 'True'
2025-01-15 12:16:02,282 - WARNING - 
Шаг 11 - NotificationPermissionStatus
2025-01-15 12:16:02,282 - WARNING - Действие: Нажать на кнопку гостя в 
поп-апе Are you sure?
2025-01-15 12:16:02,282 - WARNING - Тип: parameter_mismatch
2025-01-15 12:16:02,282 - WARNING - Временная метка: 2025-01-14 11:37:24
2025-01-15 12:16:02,282 - WARNING - Детали:
2025-01-15 12:16:02,282 - WARNING -   - Несоответствие параметра permissionAllowed: ожидалось 'False', получено 'True'
2025-01-15 12:16:02,282 - WARNING - 
Шаг 22 - MusicToggle
2025-01-15 12:16:02,282 - WARNING - Действие: Выключить и включить музыку
(2 кнопка)
2025-01-15 12:16:02,282 - WARNING - Тип: parameter_mismatch
2025-01-15 12:16:02,282 - WARNING - Временная метка: 2025-01-14 11:42:04
2025-01-15 12:16:02,282 - WARNING - Детали:
2025-01-15 12:16:02,282 - WARNING -   - Несоответствие параметра state: ожидалось 'True', получено 'TEST'
2025-01-15 12:16:02,282 - WARNING - 
Шаг 35 - FeedbackSent
2025-01-15 12:16:02,282 - WARNING - Действие: Отправить почту: ttttessst@test.test
И текст: tstteesttstteesttstteesttstteest
2025-01-15 12:16:02,282 - WARNING - Тип: parameter_mismatch
2025-01-15 12:16:02,282 - WARNING - Временная метка: 2025-01-14 11:43:14
2025-01-15 12:16:02,282 - WARNING - Детали:
2025-01-15 12:16:02,282 - WARNING -   - Несоответствие параметра email: ожидалось 'ttttessst@test', получено 'ttttessst@test.test'
2025-01-15 12:16:02,282 - WARNING - 
Шаг 44 - CurrencyChanged
2025-01-15 12:16:02,282 - WARNING - Действие: Снова нажать на DEAL 
а затем на DRAW
2025-01-15 12:16:02,282 - WARNING - Тип: parameter_mismatch
2025-01-15 12:16:02,282 - WARNING - Временная метка: 2025-01-14 11:43:53
2025-01-15 12:16:02,282 - WARNING - Детали:
2025-01-15 12:16:02,282 - WARNING -   - Несоответствие параметра balance: ожидалось '662000', получено '651000'
2025-01-15 12:16:02,282 - WARNING -   - Несоответствие параметра before: ожидалось '651000', получено '628000'
2025-01-15 12:16:02,282 - WARNING - 
Шаг 45 - CurrencyChanged
2025-01-15 12:16:02,282 - WARNING - Действие: Опять нажать на DEAL 
а затем на DRAW
2025-01-15 12:16:02,282 - WARNING - Тип: parameter_mismatch
2025-01-15 12:16:02,282 - WARNING - Временная метка: 2025-01-14 11:44:01
2025-01-15 12:16:02,282 - WARNING - Детали:
2025-01-15 12:16:02,282 - WARNING -   - Несоответствие параметра value: ожидалось '23000', получено '0'
2025-01-15 12:16:02,282 - WARNING -   - Несоответствие параметра itemId: ожидалось 'ThreeOfAKind', получено 'None'
2025-01-15 12:16:02,282 - WARNING - 
Шаг 85 - CurrencyChanged
2025-01-15 12:16:02,282 - WARNING - Действие: Купить шаг комнаты, тем самым получив
первую коробку с прогресс бара
2025-01-15 12:16:02,282 - WARNING - Тип: parameter_mismatch
2025-01-15 12:16:02,282 - WARNING - Временная метка: 2025-01-14 11:53:37
2025-01-15 12:16:02,282 - WARNING - Детали:
2025-01-15 12:16:02,282 - WARNING -   - Несоответствие параметра balance: ожидалось '50016', получено '50036'
2025-01-15 12:16:02,282 - WARNING -   - Несоответствие параметра before: ожидалось '49996', получено '50016'
2025-01-15 12:16:02,282 - WARNING - 
Шаг 85 - WindowOpen
2025-01-15 12:16:02,282 - WARNING - Действие: Купить шаг комнаты, тем самым получив
первую коробку с прогресс бара
2025-01-15 12:16:02,282 - WARNING - Тип: parameter_mismatch
2025-01-15 12:16:02,282 - WARNING - Временная метка: 2025-01-14 11:53:37
2025-01-15 12:16:02,282 - WARNING - Детали:
2025-01-15 12:16:02,282 - WARNING -   - Несоответствие параметра window: ожидалось 'Gifts', получено 'Rewards'
2025-01-15 12:16:02,282 - WARNING - 
Шаг 89 - CurrencyChanged
2025-01-15 12:16:02,282 - WARNING - Действие: Купить последний шаг комнаты, тем
самым получив последнею коробку
2025-01-15 12:16:02,282 - WARNING - Тип: parameter_mismatch
2025-01-15 12:16:02,282 - WARNING - Временная метка: 2025-01-14 11:53:58
2025-01-15 12:16:02,282 - WARNING - Детали:
2025-01-15 12:16:02,282 - WARNING -   - Несоответствие параметра balance: ожидалось '50046', получено '50066'
2025-01-15 12:16:02,282 - WARNING -   - Несоответствие параметра before: ожидалось '50016', получено '50036'
2025-01-15 12:16:02,282 - WARNING - 
Шаг 89 - WindowOpen
2025-01-15 12:16:02,282 - WARNING - Действие: Купить последний шаг комнаты, тем
самым получив последнею коробку
2025-01-15 12:16:02,282 - WARNING - Тип: parameter_mismatch
2025-01-15 12:16:02,282 - WARNING - Временная метка: 2025-01-14 11:53:58
2025-01-15 12:16:02,282 - WARNING - Детали:
2025-01-15 12:16:02,282 - WARNING -   - Несоответствие параметра window: ожидалось 'Gifts', получено 'Rewards'
2025-01-15 12:16:02,282 - WARNING - 
Шаг 92 - CurrencyChanged
2025-01-15 12:16:02,282 - WARNING - Действие: Получить первые 2 бесплатных лота
в Mystery оффере
2025-01-15 12:16:02,282 - WARNING - Тип: parameter_mismatch
2025-01-15 12:16:02,282 - WARNING - Временная метка: 2025-01-14 11:54:18
2025-01-15 12:16:02,282 - WARNING - Детали:
2025-01-15 12:16:02,282 - WARNING -   - Несоответствие параметра balance: ожидалось '50056', получено '50076'
2025-01-15 12:16:02,282 - WARNING -   - Несоответствие параметра before: ожидалось '50046', получено '50066'
2025-01-15 12:16:02,282 - WARNING - 
Шаг 108 - CurrencyChanged
2025-01-15 12:16:02,282 - WARNING - Действие: Поставить яйцо в слот
2025-01-15 12:16:02,282 - WARNING - Тип: parameter_mismatch
2025-01-15 12:16:02,282 - WARNING - Временная метка: 2025-01-14 11:54:49
2025-01-15 12:16:02,282 - WARNING - Детали:
2025-01-15 12:16:02,282 - WARNING -   - Несоответствие параметра balance: ожидалось '1', получено '0'
2025-01-15 12:16:02,282 - WARNING -   - Несоответствие параметра before: ожидалось '2', получено '1'
2025-01-15 12:16:02,282 - WARNING - 
Шаг 110 - FastBuyOpen
2025-01-15 12:16:02,282 - WARNING - Действие: Нажать на кнопку покупки
2025-01-15 12:16:02,282 - WARNING - Тип: parameter_mismatch
2025-01-15 12:16:02,282 - WARNING - Временная метка: 2025-01-14 11:54:58
2025-01-15 12:16:02,282 - WARNING - Детали:
2025-01-15 12:16:02,282 - WARNING -   - Несоответствие параметра type: ожидалось 'RubiesLow', получено 'RubiesMid'
2025-01-15 12:16:02,282 - WARNING -   - Несоответствие параметра product_id: ожидалось 'poker_tales_fastbuy_diamonds_low', получено 'poker_tales_fastbuy_diamonds_mid'
2025-01-15 12:16:02,282 - WARNING - 
Шаг 113 - FastBuyOpen
2025-01-15 12:16:02,282 - WARNING - Действие: Нажать на кнопку покупки
2025-01-15 12:16:02,283 - WARNING - Тип: parameter_mismatch
2025-01-15 12:16:02,283 - WARNING - Временная метка: 2025-01-14 11:55:07
2025-01-15 12:16:02,283 - WARNING - Детали:
2025-01-15 12:16:02,283 - WARNING -   - Несоответствие параметра type: ожидалось 'RubiesLow', получено 'RubiesMid'
2025-01-15 12:16:02,283 - WARNING -   - Несоответствие параметра product_id: ожидалось 'poker_tales_fastbuy_diamonds_low', получено 'poker_tales_fastbuy_diamonds_mid'
2025-01-15 12:16:02,283 - WARNING - 
Шаг 127 - CurrencyChanged
2025-01-15 12:16:02,283 - WARNING - Действие: Собрать награду за пета
2025-01-15 12:16:02,283 - WARNING - Тип: parameter_mismatch
2025-01-15 12:16:02,283 - WARNING - Временная метка: 2025-01-14 11:56:10
2025-01-15 12:16:02,283 - WARNING - Детали:
2025-01-15 12:16:02,283 - WARNING -   - Несоответствие параметра balance: ожидалось '50091', получено '50081'
2025-01-15 12:16:02,283 - WARNING -   - Несоответствие параметра before: ожидалось '50086', получено '50076'
2025-01-15 12:16:02,283 - WARNING - 
Шаг 134 - WindowOpen
2025-01-15 12:16:02,283 - WARNING - Действие: Нажать на иконка яйца с плюсиком 
справа внизу
2025-01-15 12:16:02,283 - WARNING - Тип: parameter_mismatch
2025-01-15 12:16:02,283 - WARNING - Временная метка: 2025-01-14 11:57:07
2025-01-15 12:16:02,283 - WARNING - Детали:
2025-01-15 12:16:02,283 - WARNING -   - Несоответствие параметра window: ожидалось 'NotEnoughResourceMany', получено 'Poker'
2025-01-15 12:16:02,283 - WARNING - 
Шаг 136 - WindowOpen
2025-01-15 12:16:02,283 - WARNING - Действие: Начитерить 4998 дублей коллекция
и закрыть чит меню (из за бага будет 5000)
2025-01-15 12:16:02,283 - WARNING - Тип: parameter_mismatch
2025-01-15 12:16:02,283 - WARNING - Временная метка: 2025-01-14 11:57:17
2025-01-15 12:16:02,283 - WARNING - Детали:
2025-01-15 12:16:02,283 - WARNING -   - Несоответствие параметра window: ожидалось 'Navigation', получено 'Rooms'
2025-01-15 12:16:02,283 - WARNING - 
Неожиданные события:
2025-01-15 12:16:02,283 - WARNING - 
Шаг 19 - WindowOpen
2025-01-15 12:16:02,283 - WARNING - Временная метка: 2025-01-14 11:40:54
2025-01-15 12:16:02,283 - WARNING -   Неожиданное событие
2025-01-15 12:16:02,283 - WARNING - 
Шаг 20 - WindowOpen
2025-01-15 12:16:02,283 - WARNING - Временная метка: 2025-01-14 11:41:19
2025-01-15 12:16:02,283 - WARNING -   Неожиданное событие
2025-01-15 12:16:02,283 - WARNING - 
Шаг 21 - SoundToggle
2025-01-15 12:16:02,283 - WARNING - Временная метка: 2025-01-14 11:41:44
2025-01-15 12:16:02,283 - WARNING -   Неожиданное событие
2025-01-15 12:16:02,283 - WARNING - 
Шаг 21 - SoundToggle
2025-01-15 12:16:02,283 - WARNING - Временная метка: 2025-01-14 11:41:53
2025-01-15 12:16:02,283 - WARNING -   Неожиданное событие
2025-01-15 12:16:02,283 - WARNING - 
Шаг 22 - MusicToggle
2025-01-15 12:16:02,283 - WARNING - Временная метка: 2025-01-14 11:42:06
2025-01-15 12:16:02,283 - WARNING -   Неожиданное событие
2025-01-15 12:16:02,283 - WARNING - 
Шаг 44 - CurrencyChanged
2025-01-15 12:16:02,283 - WARNING - Временная метка: 2025-01-14 11:43:57
2025-01-15 12:16:02,283 - WARNING -   Неожиданное событие
2025-01-15 12:16:02,283 - WARNING - 
Шаг 53 - FastBuyOpen
2025-01-15 12:16:02,283 - WARNING - Временная метка: 2025-01-14 11:48:52
2025-01-15 12:16:02,283 - WARNING -   Неожиданное событие
2025-01-15 12:16:02,283 - WARNING - 
Шаг 64 - FriendInviteTry
2025-01-15 12:16:02,283 - WARNING - Временная метка: 2025-01-14 11:49:58
2025-01-15 12:16:02,283 - WARNING -   Неожиданное событие
2025-01-15 12:16:02,283 - WARNING - 
Шаг 82 - WindowOpen
2025-01-15 12:16:02,283 - WARNING - Временная метка: 2025-01-14 11:53:24
2025-01-15 12:16:02,283 - WARNING -   Неожиданное событие
2025-01-15 12:16:02,283 - WARNING - 
Шаг 88 - WindowOpen
2025-01-15 12:16:02,283 - WARNING - Временная метка: 2025-01-14 11:53:53
2025-01-15 12:16:02,283 - WARNING -   Неожиданное событие
2025-01-15 12:16:02,283 - WARNING - 
Шаг 128 - WindowOpen
2025-01-15 12:16:02,283 - WARNING - Временная метка: 2025-01-14 11:56:13
2025-01-15 12:16:02,283 - WARNING -   Неожиданное событие
2025-01-15 12:16:02,283 - WARNING - 
Шаг 129 - WindowOpen
2025-01-15 12:16:02,283 - WARNING - Временная метка: 2025-01-14 11:56:26
2025-01-15 12:16:02,283 - WARNING -   Неожиданное событие
2025-01-15 12:16:02,283 - WARNING - 
Шаг 134 - WindowOpen
2025-01-15 12:16:02,283 - WARNING - Временная метка: 2025-01-14 11:57:12
2025-01-15 12:16:02,283 - WARNING -   Неожиданное событие
2025-01-15 12:16:02,283 - WARNING - 
Шаг 134 - WindowOpen
2025-01-15 12:16:02,283 - WARNING - Временная метка: 2025-01-14 11:57:13
2025-01-15 12:16:02,283 - WARNING -   Неожиданное событие
2025-01-15 12:16:02,283 - WARNING - 
Пропущенные события:
2025-01-15 12:16:02,283 - WARNING - 
Шаг 14 - WindowOpen
2025-01-15 12:16:02,283 - WARNING -   Шаг намерено пропущен пользователем
2025-01-15 12:16:02,283 - WARNING - 
Шаг 15 - WindowOpen
2025-01-15 12:16:02,283 - WARNING -   Шаг намерено пропущен пользователем
2025-01-15 12:16:02,283 - WARNING - 
Шаг 15 - WindowOpen
2025-01-15 12:16:02,283 - WARNING -   Шаг намерено пропущен пользователем
2025-01-15 12:16:02,283 - WARNING - 
Шаг 16 - PokerWinsTooltip
2025-01-15 12:16:02,283 - WARNING -   Шаг намерено пропущен пользователем
2025-01-15 12:16:02,283 - WARNING - 
Шаг 16 - PokerWinsTooltip
2025-01-15 12:16:02,283 - WARNING -   Шаг намерено пропущен пользователем
2025-01-15 12:16:02,283 - WARNING - 
Шаг 16 - PokerWinsTooltip
2025-01-15 12:16:02,283 - WARNING -   Шаг намерено пропущен пользователем
2025-01-15 12:16:02,283 - WARNING - 
Шаг 16 - PokerWinsTooltip
2025-01-15 12:16:02,283 - WARNING -   Шаг намерено пропущен пользователем
2025-01-15 12:16:02,283 - WARNING - 
Не найдены ивенты в шагах: 134, 136, 137, 138, 139, 140, 142, 143, 144, 145, 146, 147, 148, 22, 23, 150, 153, 151, 154, 155, 156, 157, 158, 160, 161, 162, 163, 164, 165, 167, 168, 169, 170, 172, 173, 174, 175, 176, 177, 178, 180, 181, 182, 183, 185, 186, 187, 188, 189, 190, 191, 192, 193, 194, 195, 196, 197, 198, 201, 202, 203, 204, 205, 206, 207, 208, 209, 210, 211, 212, 213, 214, 119
2025-01-15 12:19:47,450 - INFO - [97mНачинаем анализ...[0m
2025-01-15 12:19:47,451 - INFO - [97mНачинаем чтение чек-листа из Excel[0m
2025-01-15 12:19:47,787 - INFO - [97mУспешно обработано 201 ожидаемых событий[0m
2025-01-15 12:19:47,787 - INFO - [97mНачинаем чтение лог-файла[0m
2025-01-15 12:19:47,794 - INFO - [97mУспешно прочитано 254 фактических событий[0m
2025-01-15 12:25:27,881 - INFO - [97mНачинаем анализ...[0m
2025-01-15 12:25:27,882 - INFO - [97mНачинаем чтение чек-листа из Excel[0m
2025-01-15 12:25:28,219 - INFO - [97mУспешно обработано 201 ожидаемых событий[0m
2025-01-15 12:25:28,219 - INFO - [97mНачинаем чтение лог-файла[0m
2025-01-15 12:25:28,226 - INFO - [97mУспешно прочитано 254 фактических событий[0m
2025-01-15 14:11:06,172 - INFO - [97mНачинаем анализ...[0m
2025-01-15 14:11:06,173 - INFO - [97mНачинаем чтение чек-листа из Excel[0m
2025-01-15 14:11:06,518 - INFO - [97mУспешно обработано 201 ожидаемых событий[0m
2025-01-15 14:11:06,518 - INFO - [97mНачинаем чтение лог-файла[0m
2025-01-15 14:11:06,525 - INFO - [97mУспешно прочитано 254 фактических событий[0m
2025-01-15 14:11:06,526 - ERROR - Ошибка при чтении лог-файла: 'str' object has no attribute 'parameters'
2025-01-15 14:11:06,526 - ERROR - Ошибка при анализе: 'str' object has no attribute 'parameters'
2025-01-15 14:12:31,300 - INFO - [97mНачинаем анализ...[0m
2025-01-15 14:12:31,300 - INFO - [97mНачинаем чтение чек-листа из Excel[0m
2025-01-15 14:12:31,646 - INFO - [97mУспешно обработано 201 ожидаемых событий[0m
2025-01-15 14:12:31,646 - INFO - [97mНачинаем чтение лог-файла[0m
2025-01-15 14:12:31,653 - INFO - [97mУспешно прочитано 254 фактических событий[0m
2025-01-15 14:13:20,489 - INFO - [97mНачинаем анализ...[0m
2025-01-15 14:13:20,489 - INFO - [97mНачинаем чтение чек-листа из Excel[0m
2025-01-15 14:13:20,615 - INFO - [97mУспешно обработано 201 ожидаемых событий[0m
2025-01-15 14:13:20,615 - INFO - [97mНачинаем чтение лог-файла[0m
2025-01-15 14:13:20,618 - INFO - [97mУспешно прочитано 254 фактических событий[0m
2025-01-15 14:13:20,618 - ERROR - Ошибка при чтении лог-файла: list index out of range
2025-01-15 14:13:20,618 - ERROR - Ошибка при анализе: list index out of range
2025-01-15 14:33:53,653 - INFO - [97mНачинаем анализ...[0m
2025-01-15 14:33:53,653 - INFO - [97mНачинаем чтение чек-листа из Excel[0m
2025-01-15 14:33:53,754 - INFO - [97mУспешно обработано 201 ожидаемых событий[0m
2025-01-15 14:33:53,755 - INFO - [97mНачинаем чтение лог-файла[0m
2025-01-15 14:33:53,757 - INFO - [97mУспешно прочитано 254 фактических событий[0m
2025-01-15 14:33:53,771 - INFO - 
[92mHTML отчет сохранен в файл: /Users/pavlo/kwork/Vladen_k/script_logs/Events/comparisons/HTMLreport.html[0m
2025-01-15 14:33:53,772 - WARNING - 
[91m❌ Найдено несоответствий:[0m
2025-01-15 14:33:53,772 - WARNING -   - Отсутствующих событий: 151
2025-01-15 14:33:53,772 - WARNING -   - Количество шагов с несоответствием параметров: 16
2025-01-15 14:33:53,772 - WARNING -   - Неожиданных ивентов: 14
2025-01-15 14:33:53,772 - WARNING -   - Пропущенных ивентов: 7
2025-01-15 14:33:53,772 - WARNING - 
Шаг 9 - NotificationPermissionStatus
2025-01-15 14:33:53,772 - WARNING - Действие: Принять политику
 конфиденциальности
И Закрыть открывшееся
приложение фейсбука
И ЗАПРЕТИТЬ ПУШИ
2025-01-15 14:33:53,772 - WARNING - Тип: parameter_mismatch
2025-01-15 14:33:53,772 - WARNING - Временная метка: 2025-01-14 11:37:20
2025-01-15 14:33:53,772 - WARNING - Детали:
2025-01-15 14:33:53,772 - WARNING -   - Несоответствие параметра permissionAllowed: ожидалось 'False', получено 'True'
2025-01-15 14:33:53,772 - WARNING - 
Шаг 11 - NotificationPermissionStatus
2025-01-15 14:33:53,772 - WARNING - Действие: Нажать на кнопку гостя в 
поп-апе Are you sure?
2025-01-15 14:33:53,772 - WARNING - Тип: parameter_mismatch
2025-01-15 14:33:53,772 - WARNING - Временная метка: 2025-01-14 11:37:24
2025-01-15 14:33:53,772 - WARNING - Детали:
2025-01-15 14:33:53,772 - WARNING -   - Несоответствие параметра permissionAllowed: ожидалось 'False', получено 'True'
2025-01-15 14:33:53,772 - WARNING - 
Шаг 22 - MusicToggle
2025-01-15 14:33:53,772 - WARNING - Действие: Выключить и включить музыку
(2 кнопка)
2025-01-15 14:33:53,772 - WARNING - Тип: parameter_mismatch
2025-01-15 14:33:53,772 - WARNING - Временная метка: 2025-01-14 11:42:04
2025-01-15 14:33:53,772 - WARNING - Детали:
2025-01-15 14:33:53,772 - WARNING -   - Несоответствие параметра state: ожидалось 'True', получено 'TEST'
2025-01-15 14:33:53,772 - WARNING - 
Шаг 35 - FeedbackSent
2025-01-15 14:33:53,772 - WARNING - Действие: Отправить почту: ttttessst@test.test
И текст: tstteesttstteesttstteesttstteest
2025-01-15 14:33:53,772 - WARNING - Тип: parameter_mismatch
2025-01-15 14:33:53,772 - WARNING - Временная метка: 2025-01-14 11:43:14
2025-01-15 14:33:53,772 - WARNING - Детали:
2025-01-15 14:33:53,772 - WARNING -   - Несоответствие параметра email: ожидалось 'ttttessst@test', получено 'ttttessst@test.test'
2025-01-15 14:33:53,772 - WARNING - 
Шаг 44 - CurrencyChanged
2025-01-15 14:33:53,772 - WARNING - Действие: Снова нажать на DEAL 
а затем на DRAW
2025-01-15 14:33:53,772 - WARNING - Тип: parameter_mismatch
2025-01-15 14:33:53,772 - WARNING - Временная метка: 2025-01-14 11:43:53
2025-01-15 14:33:53,772 - WARNING - Детали:
2025-01-15 14:33:53,772 - WARNING -   - Несоответствие параметра balance: ожидалось '662000', получено '651000'
2025-01-15 14:33:53,772 - WARNING -   - Несоответствие параметра before: ожидалось '651000', получено '628000'
2025-01-15 14:33:53,772 - WARNING - 
Шаг 45 - CurrencyChanged
2025-01-15 14:33:53,772 - WARNING - Действие: Опять нажать на DEAL 
а затем на DRAW
2025-01-15 14:33:53,772 - WARNING - Тип: parameter_mismatch
2025-01-15 14:33:53,772 - WARNING - Временная метка: 2025-01-14 11:44:01
2025-01-15 14:33:53,772 - WARNING - Детали:
2025-01-15 14:33:53,772 - WARNING -   - Несоответствие параметра value: ожидалось '23000', получено '0'
2025-01-15 14:33:53,772 - WARNING -   - Несоответствие параметра itemId: ожидалось 'ThreeOfAKind', получено 'None'
2025-01-15 14:33:53,772 - WARNING - 
Шаг 85 - CurrencyChanged
2025-01-15 14:33:53,772 - WARNING - Действие: Купить шаг комнаты, тем самым получив
первую коробку с прогресс бара
2025-01-15 14:33:53,772 - WARNING - Тип: parameter_mismatch
2025-01-15 14:33:53,772 - WARNING - Временная метка: 2025-01-14 11:53:37
2025-01-15 14:33:53,772 - WARNING - Детали:
2025-01-15 14:33:53,772 - WARNING -   - Несоответствие параметра balance: ожидалось '50016', получено '50036'
2025-01-15 14:33:53,772 - WARNING -   - Несоответствие параметра before: ожидалось '49996', получено '50016'
2025-01-15 14:33:53,772 - WARNING - 
Шаг 89 - CurrencyChanged
2025-01-15 14:33:53,772 - WARNING - Действие: Купить последний шаг комнаты, тем
самым получив последнею коробку
2025-01-15 14:33:53,772 - WARNING - Тип: parameter_mismatch
2025-01-15 14:33:53,772 - WARNING - Временная метка: 2025-01-14 11:53:58
2025-01-15 14:33:53,772 - WARNING - Детали:
2025-01-15 14:33:53,772 - WARNING -   - Несоответствие параметра balance: ожидалось '50046', получено '50066'
2025-01-15 14:33:53,772 - WARNING -   - Несоответствие параметра before: ожидалось '50016', получено '50036'
2025-01-15 14:33:53,772 - WARNING - 
Шаг 89 - WindowOpen
2025-01-15 14:33:53,772 - WARNING - Действие: Купить последний шаг комнаты, тем
самым получив последнею коробку
2025-01-15 14:33:53,772 - WARNING - Тип: parameter_mismatch
2025-01-15 14:33:53,772 - WARNING - Временная метка: 2025-01-14 11:53:58
2025-01-15 14:33:53,772 - WARNING - Детали:
2025-01-15 14:33:53,772 - WARNING -   - Несоответствие параметра window: ожидалось 'Gifts', получено 'Rewards'
2025-01-15 14:33:53,772 - WARNING - 
Шаг 92 - CurrencyChanged
2025-01-15 14:33:53,772 - WARNING - Действие: Получить первые 2 бесплатных лота
в Mystery оффере
2025-01-15 14:33:53,772 - WARNING - Тип: parameter_mismatch
2025-01-15 14:33:53,772 - WARNING - Временная метка: 2025-01-14 11:54:18
2025-01-15 14:33:53,772 - WARNING - Детали:
2025-01-15 14:33:53,772 - WARNING -   - Несоответствие параметра balance: ожидалось '50056', получено '50076'
2025-01-15 14:33:53,773 - WARNING -   - Несоответствие параметра before: ожидалось '50046', получено '50066'
2025-01-15 14:33:53,773 - WARNING - 
Шаг 108 - CurrencyChanged
2025-01-15 14:33:53,773 - WARNING - Действие: Поставить яйцо в слот
2025-01-15 14:33:53,773 - WARNING - Тип: parameter_mismatch
2025-01-15 14:33:53,773 - WARNING - Временная метка: 2025-01-14 11:54:49
2025-01-15 14:33:53,773 - WARNING - Детали:
2025-01-15 14:33:53,773 - WARNING -   - Несоответствие параметра balance: ожидалось '1', получено '0'
2025-01-15 14:33:53,773 - WARNING -   - Несоответствие параметра before: ожидалось '2', получено '1'
2025-01-15 14:33:53,773 - WARNING - 
Шаг 110 - FastBuyOpen
2025-01-15 14:33:53,773 - WARNING - Действие: Нажать на кнопку покупки
2025-01-15 14:33:53,773 - WARNING - Тип: parameter_mismatch
2025-01-15 14:33:53,773 - WARNING - Временная метка: 2025-01-14 11:54:58
2025-01-15 14:33:53,773 - WARNING - Детали:
2025-01-15 14:33:53,773 - WARNING -   - Несоответствие параметра type: ожидалось 'RubiesLow', получено 'RubiesMid'
2025-01-15 14:33:53,773 - WARNING -   - Несоответствие параметра product_id: ожидалось 'poker_tales_fastbuy_diamonds_low', получено 'poker_tales_fastbuy_diamonds_mid'
2025-01-15 14:33:53,773 - WARNING - 
Шаг 113 - FastBuyOpen
2025-01-15 14:33:53,773 - WARNING - Действие: Нажать на кнопку покупки
2025-01-15 14:33:53,773 - WARNING - Тип: parameter_mismatch
2025-01-15 14:33:53,773 - WARNING - Временная метка: 2025-01-14 11:55:07
2025-01-15 14:33:53,773 - WARNING - Детали:
2025-01-15 14:33:53,773 - WARNING -   - Несоответствие параметра type: ожидалось 'RubiesLow', получено 'RubiesMid'
2025-01-15 14:33:53,773 - WARNING -   - Несоответствие параметра product_id: ожидалось 'poker_tales_fastbuy_diamonds_low', получено 'poker_tales_fastbuy_diamonds_mid'
2025-01-15 14:33:53,773 - WARNING - 
Шаг 127 - CurrencyChanged
2025-01-15 14:33:53,773 - WARNING - Действие: Собрать награду за пета
2025-01-15 14:33:53,773 - WARNING - Тип: parameter_mismatch
2025-01-15 14:33:53,773 - WARNING - Временная метка: 2025-01-14 11:56:10
2025-01-15 14:33:53,773 - WARNING - Детали:
2025-01-15 14:33:53,773 - WARNING -   - Несоответствие параметра balance: ожидалось '50091', получено '50081'
2025-01-15 14:33:53,773 - WARNING -   - Несоответствие параметра before: ожидалось '50086', получено '50076'
2025-01-15 14:33:53,773 - WARNING - 
Шаг 134 - WindowOpen
2025-01-15 14:33:53,773 - WARNING - Действие: Нажать на иконка яйца с плюсиком 
справа внизу
2025-01-15 14:33:53,773 - WARNING - Тип: parameter_mismatch
2025-01-15 14:33:53,773 - WARNING - Временная метка: 2025-01-14 11:57:07
2025-01-15 14:33:53,773 - WARNING - Детали:
2025-01-15 14:33:53,773 - WARNING -   - Несоответствие параметра window: ожидалось 'NotEnoughResourceMany', получено 'Poker'
2025-01-15 14:33:53,773 - WARNING - 
Шаг 136 - WindowOpen
2025-01-15 14:33:53,773 - WARNING - Действие: Начитерить 4998 дублей коллекция
и закрыть чит меню (из за бага будет 5000)
2025-01-15 14:33:53,773 - WARNING - Тип: parameter_mismatch
2025-01-15 14:33:53,773 - WARNING - Временная метка: 2025-01-14 11:57:17
2025-01-15 14:33:53,773 - WARNING - Детали:
2025-01-15 14:33:53,773 - WARNING -   - Несоответствие параметра window: ожидалось 'Navigation', получено 'Rooms'
2025-01-15 14:33:53,773 - WARNING - 
Неожиданные события:
2025-01-15 14:33:53,773 - WARNING - 
Шаг 19 - WindowOpen
2025-01-15 14:33:53,773 - WARNING - Временная метка: 2025-01-14 11:40:54
2025-01-15 14:33:53,773 - WARNING -   Неожиданное событие
2025-01-15 14:33:53,773 - WARNING - 
Шаг 20 - WindowOpen
2025-01-15 14:33:53,773 - WARNING - Временная метка: 2025-01-14 11:41:19
2025-01-15 14:33:53,773 - WARNING -   Неожиданное событие
2025-01-15 14:33:53,773 - WARNING - 
Шаг 21 - SoundToggle
2025-01-15 14:33:53,773 - WARNING - Временная метка: 2025-01-14 11:41:44
2025-01-15 14:33:53,773 - WARNING -   Неожиданное событие
2025-01-15 14:33:53,773 - WARNING - 
Шаг 21 - SoundToggle
2025-01-15 14:33:53,773 - WARNING - Временная метка: 2025-01-14 11:41:53
2025-01-15 14:33:53,773 - WARNING -   Неожиданное событие
2025-01-15 14:33:53,773 - WARNING - 
Шаг 44 - CurrencyChanged
2025-01-15 14:33:53,773 - WARNING - Временная метка: 2025-01-14 11:43:57
2025-01-15 14:33:53,773 - WARNING -   Неожиданное событие
2025-01-15 14:33:53,773 - WARNING - 
Шаг 53 - FastBuyOpen
2025-01-15 14:33:53,773 - WARNING - Временная метка: 2025-01-14 11:48:52
2025-01-15 14:33:53,773 - WARNING -   Неожиданное событие
2025-01-15 14:33:53,773 - WARNING - 
Шаг 64 - FriendInviteTry
2025-01-15 14:33:53,773 - WARNING - Временная метка: 2025-01-14 11:49:58
2025-01-15 14:33:53,773 - WARNING -   Неожиданное событие
2025-01-15 14:33:53,773 - WARNING - 
Шаг 82 - WindowOpen
2025-01-15 14:33:53,773 - WARNING - Временная метка: 2025-01-14 11:53:24
2025-01-15 14:33:53,773 - WARNING -   Неожиданное событие
2025-01-15 14:33:53,773 - WARNING - 
Шаг 87 - WindowOpen
2025-01-15 14:33:53,773 - WARNING - Временная метка: 2025-01-14 11:53:37
2025-01-15 14:33:53,773 - WARNING -   Неожиданное событие
2025-01-15 14:33:53,773 - WARNING - 
Шаг 88 - WindowOpen
2025-01-15 14:33:53,773 - WARNING - Временная метка: 2025-01-14 11:53:53
2025-01-15 14:33:53,773 - WARNING -   Неожиданное событие
2025-01-15 14:33:53,773 - WARNING - 
Шаг 128 - WindowOpen
2025-01-15 14:33:53,773 - WARNING - Временная метка: 2025-01-14 11:56:13
2025-01-15 14:33:53,773 - WARNING -   Неожиданное событие
2025-01-15 14:33:53,773 - WARNING - 
Шаг 129 - WindowOpen
2025-01-15 14:33:53,773 - WARNING - Временная метка: 2025-01-14 11:56:26
2025-01-15 14:33:53,773 - WARNING -   Неожиданное событие
2025-01-15 14:33:53,773 - WARNING - 
Шаг 134 - WindowOpen
2025-01-15 14:33:53,773 - WARNING - Временная метка: 2025-01-14 11:57:12
2025-01-15 14:33:53,774 - WARNING -   Неожиданное событие
2025-01-15 14:33:53,774 - WARNING - 
Шаг 134 - WindowOpen
2025-01-15 14:33:53,774 - WARNING - Временная метка: 2025-01-14 11:57:13
2025-01-15 14:33:53,774 - WARNING -   Неожиданное событие
2025-01-15 14:33:53,774 - WARNING - 
Пропущенные события:
2025-01-15 14:33:53,774 - WARNING - 
Шаг 14 - WindowOpen
2025-01-15 14:33:53,774 - WARNING -   Шаг намерено пропущен пользователем
2025-01-15 14:33:53,774 - WARNING - 
Шаг 15 - WindowOpen
2025-01-15 14:33:53,774 - WARNING -   Шаг намерено пропущен пользователем
2025-01-15 14:33:53,774 - WARNING - 
Шаг 15 - WindowOpen
2025-01-15 14:33:53,774 - WARNING -   Шаг намерено пропущен пользователем
2025-01-15 14:33:53,774 - WARNING - 
Шаг 16 - PokerWinsTooltip
2025-01-15 14:33:53,774 - WARNING -   Шаг намерено пропущен пользователем
2025-01-15 14:33:53,774 - WARNING - 
Шаг 16 - PokerWinsTooltip
2025-01-15 14:33:53,774 - WARNING -   Шаг намерено пропущен пользователем
2025-01-15 14:33:53,774 - WARNING - 
Шаг 16 - PokerWinsTooltip
2025-01-15 14:33:53,774 - WARNING -   Шаг намерено пропущен пользователем
2025-01-15 14:33:53,774 - WARNING - 
Шаг 16 - PokerWinsTooltip
2025-01-15 14:33:53,774 - WARNING -   Шаг намерено пропущен пользователем
2025-01-15 14:33:53,774 - WARNING - 
Не найдены ивенты в шагах: 134, 136, 137, 138, 139, 140, 142, 143, 144, 145, 146, 147, 148, 22, 150, 151, 153, 154, 155, 156, 157, 158, 160, 161, 162, 163, 164, 165, 167, 168, 169, 170, 172, 173, 174, 175, 176, 177, 178, 180, 181, 182, 183, 185, 186, 187, 188, 189, 190, 191, 192, 193, 194, 195, 196, 197, 198, 201, 202, 203, 204, 205, 206, 207, 208, 209, 210, 211, 212, 85, 213, 214, 119
2025-01-15 14:37:04,272 - INFO - [97mНачинаем анализ...[0m
2025-01-15 14:37:04,273 - INFO - [97mНачинаем чтение чек-листа из Excel[0m
2025-01-15 14:37:04,607 - INFO - [97mУспешно обработано 201 ожидаемых событий[0m
2025-01-15 14:37:04,607 - INFO - [97mНачинаем чтение лог-файла[0m
2025-01-15 14:37:04,614 - INFO - [97mУспешно прочитано 254 фактических событий[0m
